// Jest Snapshot v1, https://goo.gl/fbAQLP

exports[`codegen element 1`] = `
"const { createElementVNode: _createElementVNode } from Vue
return function render(_ctx,_cache){return _createElementVNode('div')}"
`;

exports[`codegen interpolation 1`] = `
"const { toDisplayString: _toDisplayString } from Vue
return function render(_ctx,_cache){return _toDisplayString(_ctx.message)}"
`;

exports[`codegen string 1`] = `
"
return function render(_ctx,_cache){return 'hi'}"
`;
